f:\dota2x-feature-add-mapper-and-unmapper-support-12753388358294624495\externalesp\x64\release\vc143.pdb
f:\dota2x-feature-add-mapper-and-unmapper-support-12753388358294624495\externalesp\x64\release\imgui_impl_dx11.obj
f:\dota2x-feature-add-mapper-and-unmapper-support-12753388358294624495\externalesp\x64\release\imgui_impl_win32.obj
f:\dota2x-feature-add-mapper-and-unmapper-support-12753388358294624495\externalesp\x64\release\imgui_widgets.obj
f:\dota2x-feature-add-mapper-and-unmapper-support-12753388358294624495\externalesp\x64\release\imgui_tables.obj
f:\dota2x-feature-add-mapper-and-unmapper-support-12753388358294624495\externalesp\x64\release\imgui_draw.obj
f:\dota2x-feature-add-mapper-and-unmapper-support-12753388358294624495\externalesp\x64\release\imgui.obj
f:\dota2x-feature-add-mapper-and-unmapper-support-12753388358294624495\externalesp\x64\release\main.obj
f:\dota2x-feature-add-mapper-and-unmapper-support-12753388358294624495\x64\release\externalesp.exe
f:\dota2x-feature-add-mapper-and-unmapper-support-12753388358294624495\x64\release\externalesp.pdb
f:\dota2x-feature-add-mapper-and-unmapper-support-12753388358294624495\externalesp\x64\release\externalesp.ipdb
f:\dota2x-feature-add-mapper-and-unmapper-support-12753388358294624495\externalesp\x64\release\externalesp.iobj
f:\dota2x-feature-add-mapper-and-unmapper-support-12753388358294624495\externalesp\x64\release\externalesp.tlog\cl.command.1.tlog
f:\dota2x-feature-add-mapper-and-unmapper-support-12753388358294624495\externalesp\x64\release\externalesp.tlog\cl.items.tlog
f:\dota2x-feature-add-mapper-and-unmapper-support-12753388358294624495\externalesp\x64\release\externalesp.tlog\cl.read.1.tlog
f:\dota2x-feature-add-mapper-and-unmapper-support-12753388358294624495\externalesp\x64\release\externalesp.tlog\cl.write.1.tlog
f:\dota2x-feature-add-mapper-and-unmapper-support-12753388358294624495\externalesp\x64\release\externalesp.tlog\link.command.1.tlog
f:\dota2x-feature-add-mapper-and-unmapper-support-12753388358294624495\externalesp\x64\release\externalesp.tlog\link.read.1.tlog
f:\dota2x-feature-add-mapper-and-unmapper-support-12753388358294624495\externalesp\x64\release\externalesp.tlog\link.secondary.1.tlog
f:\dota2x-feature-add-mapper-and-unmapper-support-12753388358294624495\externalesp\x64\release\externalesp.tlog\link.write.1.tlog
